[SERIAL] /dev/cu.usbmodem1101 @ 115200 を 28s 監視
[BLE] 'Shizuku UART' をスキャン中…
[BLE] ping ×30 …
[BLE] blast 3s …

==================== RT スケジューラ検証結果 ====================
[SERIAL] 受信行 217, armed=False, hog windows=13 (STALLED 0)
[SERIAL] ⚠ CDC ドロップアウト 71 回 (再接続待ち [0.0, 0.0, 0.0, 0.0, 0.0, 0.0, 0.0, 0.0, 0.0, 0.0, 0.0, 0.0, 0.0, 0.0, 0.0, 0.0, 0.0, 0.0, 0.0, 0.0, 0.0, 0.0, 0.0, 0.0, 0.0, 0.0, 0.0, 0.0, 0.0, 0.0, 0.0, 0.0, 0.0, 0.0, 0.0, 1.0, 0.0, 0.0, 0.0, 0.0, 0.0, 0.0, 0.0, 0.0, 0.0, 0.0, 0.0, 0.0, 0.0, 0.0, 0.0, 0.0, 0.41, 0.0, 1.0, 0.0, 0.0, 0.0, 0.0, 0.0, 0.0, 0.0, 0.0, 0.0, 0.0, 0.0, 0.0, 0.0, 0.0, 0.0, 0.0]s) = デバイスが数秒フリーズ = USB CDC も停止した兆候
victim     late_win_max  late_max*  overrun  windows    min ticks/exp
100Hz-c1          21742    3044420       71       13          200/200
1kHz-c1           23094    3044960    16061       13         549/2000
200Hz-c1          22961    3044420       87       13          395/400
25Hz-c0            2294     996420       17       13            50/50
  * late_max = 起動来累積ピーク (BLE 接続等の一過性を含む)。ongoing は late_win_max で判断

[BLE]
   ping 応答なし
   throughput(競合下): 43 kbps (1-notify上限比 31%)

---------------------------------------------------------------
  (観察) armed 行は未受信 (キャプチャ開始が arm より後なだけなら無害)
  (観察) 100Hz-c1: 起動来ピーク late(max)=3044420us — 一過性の可能性 (BLE 接続時の budget-0 スタール等)。ongoing は late(win) 側で判断済み
  (観察) 1kHz-c1: 起動来ピーク late(max)=3044960us — 一過性の可能性 (BLE 接続時の budget-0 スタール等)。ongoing は late(win) 側で判断済み
  (観察) 1kHz-c1: period≈1000us < budget(=3000us) → sub-budget。rate は 549/2000 に律速 (3ms 粒度の設計限界、想定内)
  (観察) 200Hz-c1: 起動来ピーク late(max)=3044420us — 一過性の可能性 (BLE 接続時の budget-0 スタール等)。ongoing は late(win) 側で判断済み
  (観察) 25Hz-c0: 起動来ピーク late(max)=996420us — 一過性の可能性 (BLE 接続時の budget-0 スタール等)。ongoing は late(win) 側で判断済み
判定: ❌ FAIL
  - CDC ドロップアウト 71 回 (再接続待ち [0.0, 0.0, 0.0, 0.0, 0.0, 0.0, 0.0, 0.0, 0.0, 0.0, 0.0, 0.0, 0.0, 0.0, 0.0, 0.0, 0.0, 0.0, 0.0, 0.0, 0.0, 0.0, 0.0, 0.0, 0.0, 0.0, 0.0, 0.0, 0.0, 0.0, 0.0, 0.0, 0.0, 0.0, 0.0, 1.0, 0.0, 0.0, 0.0, 0.0, 0.0, 0.0, 0.0, 0.0, 0.0, 0.0, 0.0, 0.0, 0.0, 0.0, 0.0, 0.0, 0.41, 0.0, 1.0, 0.0, 0.0, 0.0, 0.0, 0.0, 0.0, 0.0, 0.0, 0.0, 0.0, 0.0, 0.0, 0.0, 0.0, 0.0, 0.0]s) = デバイスが USB CDC ごと数秒フリーズした (BLE 接続/切断経路の残存フリーズ)
  - 100Hz-c1: 各 window の late(win) 最大 21742us > 許容 10500us (ongoing ジッタが非有界 = watchdog 疑い)
  - 1kHz-c1: 各 window の late(win) 最大 23094us > 許容 10500us (ongoing ジッタが非有界 = watchdog 疑い)
  - 200Hz-c1: 各 window の late(win) 最大 22961us > 許容 10500us (ongoing ジッタが非有界 = watchdog 疑い)
